0000 pushk         0
0002 if            3
0004 pushk         1
0006 assign        0
